Seq..Count,Percent,N.Sequence,CDR3.Length..nt.,AA.Sequence,V.segments,J.segments
100,0.100425736,TGTGCCAGCAGTCTGTATGAGCAGTACTTC,30,CASSLYEQYF,TRBV1,TRBJ1-1
300,0.100425736,TGTGCCAGCAGTCTGTATGAGCAGTACTTC,30,CASSLYEQYF,TRBV2,TRBJ1-2
500,0.100425736,TGTGCCAGCAGTCTGTATGAGCAGTACTTC,30,CASSLYEQYF,TRBV2,TRBJ1-1
10,0.100425736,TGTGCCAGCAGTCTGTATGAGCAGTACTTC,30,CASSLYEQYF,TRBV3,TRBJ1-3
1,0.100425736,TGTGCCAGCAGTCTGTATGAGCAGTACTTC,30,CASSLYEQYF,TRBV4,TRBJ1-1
40,0.100425736,TGTGCCAGCAGTCTGTATGAGCAGTACTTC,30,CASSLYEQYF,TRBV1,TRBJ2-1
1000,0.100425736,TGTGCCAGCAGTCTGTATGAGCAGTACTTC,30,CASSLYEQYF,TRBV1,TRBJ2-2
15,0.100425736,TGTGCCAGCAGTCTGTATGAGCAGTACTTC,30,CASSLYEQYF,TRBV1,TRBJ2-4
150,0.100425736,TGTGCCAGCAGTCTGTATGAGCAGTACTTC,30,CASSLYEQYF,TRBV3,TRBJ3-1
